[2025-11-26 19:40:04,244] - [root] - [INFO] - plot_sal_map_leaf.py
[2025-11-26 19:40:04,244] - [root] - [INFO] - model_type       : ResNet
[2025-11-26 19:40:04,244] - [root] - [INFO] - pretrained       : True
[2025-11-26 19:40:04,244] - [root] - [INFO] - loading_epoch    : 40
[2025-11-26 19:40:04,244] - [root] - [INFO] - timestamp        : Aug12_19-19-05_2025
[2025-11-26 19:40:04,244] - [root] - [INFO] - outdim           : 2
[2025-11-26 19:40:04,244] - [root] - [INFO] - model_path       : ../..
[2025-11-26 19:40:04,244] - [root] - [INFO] - step_size        : 224
[2025-11-26 19:40:04,244] - [root] - [INFO] - means            : [0.541, 0.6371, 0.4188]
[2025-11-26 19:40:04,244] - [root] - [INFO] - stds             : [0.1764, 0.165, 0.2326]
[2025-11-26 19:40:04,244] - [root] - [INFO] - target_class     : 1
[2025-11-26 19:40:04,244] - [root] - [INFO] - contam_control   : False
[2025-11-26 19:40:04,244] - [root] - [INFO] - pm               : HPM-666
[2025-11-26 19:40:04,244] - [root] - [INFO] - mps              : False
[2025-11-26 19:40:04,244] - [root] - [INFO] - cuda             : False
[2025-11-26 19:40:04,244] - [root] - [INFO] - cuda_id          : 0
[2025-11-26 19:40:04,244] - [root] - [INFO] - save_infected    : False
[2025-11-26 19:40:04,244] - [root] - [INFO] - save_conidiophores : False
[2025-11-26 19:40:04,244] - [root] - [INFO] - save_healthy     : False
[2025-11-26 19:40:04,244] - [root] - [INFO] - sal_threshold    : 0.5
[2025-11-26 19:40:04,244] - [root] - [INFO] - save_discarded   : False
[2025-11-26 19:40:04,244] - [root] - [INFO] - up_threshold     : 0.8
[2025-11-26 19:40:04,244] - [root] - [INFO] - down_threshold   : 0.2
[2025-11-26 19:40:04,244] - [root] - [INFO] - dataset_path     : ../../data
[2025-11-26 19:40:04,244] - [root] - [INFO] - img_folder       : 6-28-2023_10dpi
[2025-11-26 19:40:04,244] - [root] - [INFO] - platform         : BlackBird
[2025-11-26 19:40:04,244] - [root] - [INFO] - threshold        : ['0.7']
[2025-11-26 19:40:04,244] - [root] - [INFO] - log              : ../../results/logs/random.log
[2025-11-26 19:40:04,244] - [root] - [INFO] - dpi              : 10
[2025-11-26 19:40:04,244] - [root] - [INFO] - group            : baseline
[2025-11-26 19:40:04,244] - [root] - [INFO] - trays            : ['1']
[2025-11-26 19:40:04,245] - [root] - [INFO] - sal_gradcam      : False
[2025-11-26 19:40:04,245] - [root] - [INFO] - sal_gradient     : True
[2025-11-26 19:40:04,245] - [root] - [INFO] - sal_smoothgrad   : False
[2025-11-26 19:40:04,245] - [root] - [INFO] - sal_deeplift     : True
[2025-11-26 19:40:04,245] - [root] - [INFO] - sal_thresh_method : percentile
[2025-11-26 19:40:04,245] - [root] - [INFO] - sal_thresh_p     : 95.0
[2025-11-26 19:40:05,039] - [root] - [INFO] - -------------------------------------------
[2025-11-26 19:40:05,039] - [root] - [INFO] - Processing 6-28-2023_10dpi tray=1 file=039-SYMPHONY_R1.png
[2025-11-26 19:40:07,947] - [root] - [INFO] - plot_sal_map_leaf.py
[2025-11-26 19:40:07,947] - [root] - [INFO] - model_type       : ResNet
[2025-11-26 19:40:07,947] - [root] - [INFO] - pretrained       : True
[2025-11-26 19:40:07,947] - [root] - [INFO] - loading_epoch    : 40
[2025-11-26 19:40:07,947] - [root] - [INFO] - timestamp        : Aug12_19-19-05_2025
[2025-11-26 19:40:07,947] - [root] - [INFO] - outdim           : 2
[2025-11-26 19:40:07,947] - [root] - [INFO] - model_path       : ../..
[2025-11-26 19:40:07,947] - [root] - [INFO] - step_size        : 224
[2025-11-26 19:40:07,948] - [root] - [INFO] - means            : [0.541, 0.6371, 0.4188]
[2025-11-26 19:40:07,948] - [root] - [INFO] - stds             : [0.1764, 0.165, 0.2326]
[2025-11-26 19:40:07,948] - [root] - [INFO] - target_class     : 1
[2025-11-26 19:40:07,948] - [root] - [INFO] - contam_control   : False
[2025-11-26 19:40:07,948] - [root] - [INFO] - pm               : HPM-666
[2025-11-26 19:40:07,948] - [root] - [INFO] - mps              : False
[2025-11-26 19:40:07,948] - [root] - [INFO] - cuda             : False
[2025-11-26 19:40:07,948] - [root] - [INFO] - cuda_id          : 0
[2025-11-26 19:40:07,948] - [root] - [INFO] - save_infected    : False
[2025-11-26 19:40:07,948] - [root] - [INFO] - save_conidiophores : False
[2025-11-26 19:40:07,948] - [root] - [INFO] - save_healthy     : False
[2025-11-26 19:40:07,948] - [root] - [INFO] - sal_threshold    : 0.5
[2025-11-26 19:40:07,948] - [root] - [INFO] - save_discarded   : False
[2025-11-26 19:40:07,948] - [root] - [INFO] - up_threshold     : 0.8
[2025-11-26 19:40:07,948] - [root] - [INFO] - down_threshold   : 0.2
[2025-11-26 19:40:07,948] - [root] - [INFO] - dataset_path     : ../../data
[2025-11-26 19:40:07,948] - [root] - [INFO] - img_folder       : 6-28-2023_10dpi
[2025-11-26 19:40:07,948] - [root] - [INFO] - platform         : BlackBird
[2025-11-26 19:40:07,948] - [root] - [INFO] - threshold        : ['0.7']
[2025-11-26 19:40:07,948] - [root] - [INFO] - log              : ../../results/logs/random.log
[2025-11-26 19:40:07,948] - [root] - [INFO] - dpi              : 10
[2025-11-26 19:40:07,948] - [root] - [INFO] - group            : baseline
[2025-11-26 19:40:07,948] - [root] - [INFO] - trays            : ['2']
[2025-11-26 19:40:07,948] - [root] - [INFO] - sal_gradcam      : False
[2025-11-26 19:40:07,948] - [root] - [INFO] - sal_gradient     : True
[2025-11-26 19:40:07,948] - [root] - [INFO] - sal_smoothgrad   : False
[2025-11-26 19:40:07,948] - [root] - [INFO] - sal_deeplift     : True
[2025-11-26 19:40:07,948] - [root] - [INFO] - sal_thresh_method : percentile
[2025-11-26 19:40:07,948] - [root] - [INFO] - sal_thresh_p     : 95.0
[2025-11-26 19:40:10,083] - [root] - [INFO] - plot_sal_map_leaf.py
[2025-11-26 19:40:10,083] - [root] - [INFO] - model_type       : ResNet
[2025-11-26 19:40:10,083] - [root] - [INFO] - pretrained       : True
[2025-11-26 19:40:10,083] - [root] - [INFO] - loading_epoch    : 40
[2025-11-26 19:40:10,083] - [root] - [INFO] - timestamp        : Aug12_19-19-05_2025
[2025-11-26 19:40:10,083] - [root] - [INFO] - outdim           : 2
[2025-11-26 19:40:10,083] - [root] - [INFO] - model_path       : ../..
[2025-11-26 19:40:10,083] - [root] - [INFO] - step_size        : 224
[2025-11-26 19:40:10,083] - [root] - [INFO] - means            : [0.541, 0.6371, 0.4188]
[2025-11-26 19:40:10,083] - [root] - [INFO] - stds             : [0.1764, 0.165, 0.2326]
[2025-11-26 19:40:10,083] - [root] - [INFO] - target_class     : 1
[2025-11-26 19:40:10,083] - [root] - [INFO] - contam_control   : False
[2025-11-26 19:40:10,083] - [root] - [INFO] - pm               : HPM-666
[2025-11-26 19:40:10,083] - [root] - [INFO] - mps              : False
[2025-11-26 19:40:10,083] - [root] - [INFO] - cuda             : False
[2025-11-26 19:40:10,083] - [root] - [INFO] - cuda_id          : 0
[2025-11-26 19:40:10,083] - [root] - [INFO] - save_infected    : False
[2025-11-26 19:40:10,083] - [root] - [INFO] - save_conidiophores : False
[2025-11-26 19:40:10,083] - [root] - [INFO] - save_healthy     : False
[2025-11-26 19:40:10,083] - [root] - [INFO] - sal_threshold    : 0.5
[2025-11-26 19:40:10,083] - [root] - [INFO] - save_discarded   : False
[2025-11-26 19:40:10,083] - [root] - [INFO] - up_threshold     : 0.8
[2025-11-26 19:40:10,083] - [root] - [INFO] - down_threshold   : 0.2
[2025-11-26 19:40:10,084] - [root] - [INFO] - dataset_path     : ../../data
[2025-11-26 19:40:10,084] - [root] - [INFO] - img_folder       : 6-28-2023_10dpi
[2025-11-26 19:40:10,084] - [root] - [INFO] - platform         : BlackBird
[2025-11-26 19:40:10,084] - [root] - [INFO] - threshold        : ['0.7']
[2025-11-26 19:40:10,084] - [root] - [INFO] - log              : ../../results/logs/random.log
[2025-11-26 19:40:10,084] - [root] - [INFO] - dpi              : 10
[2025-11-26 19:40:10,084] - [root] - [INFO] - group            : baseline
[2025-11-26 19:40:10,084] - [root] - [INFO] - trays            : ['3']
[2025-11-26 19:40:10,084] - [root] - [INFO] - sal_gradcam      : False
[2025-11-26 19:40:10,084] - [root] - [INFO] - sal_gradient     : True
[2025-11-26 19:40:10,084] - [root] - [INFO] - sal_smoothgrad   : False
[2025-11-26 19:40:10,084] - [root] - [INFO] - sal_deeplift     : True
[2025-11-26 19:40:10,084] - [root] - [INFO] - sal_thresh_method : percentile
[2025-11-26 19:40:10,084] - [root] - [INFO] - sal_thresh_p     : 95.0
[2025-11-26 19:40:12,333] - [root] - [INFO] - plot_sal_map_leaf.py
[2025-11-26 19:40:12,333] - [root] - [INFO] - model_type       : ResNet
[2025-11-26 19:40:12,333] - [root] - [INFO] - pretrained       : True
[2025-11-26 19:40:12,333] - [root] - [INFO] - loading_epoch    : 40
[2025-11-26 19:40:12,333] - [root] - [INFO] - timestamp        : Aug12_19-19-05_2025
[2025-11-26 19:40:12,333] - [root] - [INFO] - outdim           : 2
[2025-11-26 19:40:12,333] - [root] - [INFO] - model_path       : ../..
[2025-11-26 19:40:12,333] - [root] - [INFO] - step_size        : 224
[2025-11-26 19:40:12,333] - [root] - [INFO] - means            : [0.541, 0.6371, 0.4188]
[2025-11-26 19:40:12,333] - [root] - [INFO] - stds             : [0.1764, 0.165, 0.2326]
[2025-11-26 19:40:12,333] - [root] - [INFO] - target_class     : 1
[2025-11-26 19:40:12,333] - [root] - [INFO] - contam_control   : False
[2025-11-26 19:40:12,333] - [root] - [INFO] - pm               : HPM-666
[2025-11-26 19:40:12,333] - [root] - [INFO] - mps              : False
[2025-11-26 19:40:12,333] - [root] - [INFO] - cuda             : False
[2025-11-26 19:40:12,333] - [root] - [INFO] - cuda_id          : 0
[2025-11-26 19:40:12,333] - [root] - [INFO] - save_infected    : False
[2025-11-26 19:40:12,333] - [root] - [INFO] - save_conidiophores : False
[2025-11-26 19:40:12,333] - [root] - [INFO] - save_healthy     : False
[2025-11-26 19:40:12,333] - [root] - [INFO] - sal_threshold    : 0.5
[2025-11-26 19:40:12,333] - [root] - [INFO] - save_discarded   : False
[2025-11-26 19:40:12,333] - [root] - [INFO] - up_threshold     : 0.8
[2025-11-26 19:40:12,333] - [root] - [INFO] - down_threshold   : 0.2
[2025-11-26 19:40:12,333] - [root] - [INFO] - dataset_path     : ../../data
[2025-11-26 19:40:12,334] - [root] - [INFO] - img_folder       : 6-28-2023_10dpi
[2025-11-26 19:40:12,334] - [root] - [INFO] - platform         : BlackBird
[2025-11-26 19:40:12,334] - [root] - [INFO] - threshold        : ['0.7']
[2025-11-26 19:40:12,334] - [root] - [INFO] - log              : ../../results/logs/random.log
[2025-11-26 19:40:12,334] - [root] - [INFO] - dpi              : 10
[2025-11-26 19:40:12,334] - [root] - [INFO] - group            : baseline
[2025-11-26 19:40:12,334] - [root] - [INFO] - trays            : ['4']
[2025-11-26 19:40:12,334] - [root] - [INFO] - sal_gradcam      : False
[2025-11-26 19:40:12,334] - [root] - [INFO] - sal_gradient     : True
[2025-11-26 19:40:12,334] - [root] - [INFO] - sal_smoothgrad   : False
[2025-11-26 19:40:12,334] - [root] - [INFO] - sal_deeplift     : True
[2025-11-26 19:40:12,334] - [root] - [INFO] - sal_thresh_method : percentile
[2025-11-26 19:40:12,334] - [root] - [INFO] - sal_thresh_p     : 95.0
[2025-11-26 19:41:20,421] - [root] - [INFO] - plot_sal_map_leaf.py
[2025-11-26 19:41:20,421] - [root] - [INFO] - model_type       : ResNet
[2025-11-26 19:41:20,421] - [root] - [INFO] - pretrained       : True
[2025-11-26 19:41:20,421] - [root] - [INFO] - loading_epoch    : 40
[2025-11-26 19:41:20,421] - [root] - [INFO] - timestamp        : Aug12_19-19-05_2025
[2025-11-26 19:41:20,421] - [root] - [INFO] - outdim           : 2
[2025-11-26 19:41:20,421] - [root] - [INFO] - model_path       : ../..
[2025-11-26 19:41:20,421] - [root] - [INFO] - step_size        : 224
[2025-11-26 19:41:20,421] - [root] - [INFO] - means            : [0.541, 0.6371, 0.4188]
[2025-11-26 19:41:20,421] - [root] - [INFO] - stds             : [0.1764, 0.165, 0.2326]
[2025-11-26 19:41:20,421] - [root] - [INFO] - target_class     : 1
[2025-11-26 19:41:20,421] - [root] - [INFO] - contam_control   : False
[2025-11-26 19:41:20,421] - [root] - [INFO] - pm               : HPM-666
[2025-11-26 19:41:20,421] - [root] - [INFO] - mps              : False
[2025-11-26 19:41:20,421] - [root] - [INFO] - cuda             : False
[2025-11-26 19:41:20,421] - [root] - [INFO] - cuda_id          : 0
[2025-11-26 19:41:20,421] - [root] - [INFO] - save_infected    : False
[2025-11-26 19:41:20,421] - [root] - [INFO] - save_conidiophores : False
[2025-11-26 19:41:20,421] - [root] - [INFO] - save_healthy     : False
[2025-11-26 19:41:20,421] - [root] - [INFO] - sal_threshold    : 0.5
[2025-11-26 19:41:20,421] - [root] - [INFO] - save_discarded   : False
[2025-11-26 19:41:20,511] - [root] - [INFO] - up_threshold     : 0.8
[2025-11-26 19:41:20,511] - [root] - [INFO] - down_threshold   : 0.2
[2025-11-26 19:41:20,511] - [root] - [INFO] - dataset_path     : ../../data
[2025-11-26 19:41:20,511] - [root] - [INFO] - img_folder       : 6-28-2023_10dpi
[2025-11-26 19:41:20,511] - [root] - [INFO] - platform         : BlackBird
[2025-11-26 19:41:20,511] - [root] - [INFO] - threshold        : ['0.7']
[2025-11-26 19:41:20,511] - [root] - [INFO] - log              : ../../results/logs/random.log
[2025-11-26 19:41:20,511] - [root] - [INFO] - dpi              : 10
[2025-11-26 19:41:20,511] - [root] - [INFO] - group            : baseline
[2025-11-26 19:41:20,511] - [root] - [INFO] - trays            : ['1']
[2025-11-26 19:41:20,511] - [root] - [INFO] - sal_gradcam      : False
[2025-11-26 19:41:20,511] - [root] - [INFO] - sal_gradient     : True
[2025-11-26 19:41:20,512] - [root] - [INFO] - sal_smoothgrad   : False
[2025-11-26 19:41:20,512] - [root] - [INFO] - sal_deeplift     : True
[2025-11-26 19:41:20,512] - [root] - [INFO] - sal_thresh_method : percentile
[2025-11-26 19:41:20,512] - [root] - [INFO] - sal_thresh_p     : 95.0
[2025-11-26 19:41:21,225] - [root] - [INFO] - -------------------------------------------
[2025-11-26 19:41:21,225] - [root] - [INFO] - Processing 6-28-2023_10dpi tray=1 file=039-SYMPHONY_R1.png
[2025-11-26 19:41:31,757] - [root] - [INFO] - Finished loading mask: 0m 10s
[2025-11-26 19:41:33,848] - [root] - [INFO] - plot_sal_map_leaf.py
[2025-11-26 19:41:33,848] - [root] - [INFO] - model_type       : ResNet
[2025-11-26 19:41:33,848] - [root] - [INFO] - pretrained       : True
[2025-11-26 19:41:33,849] - [root] - [INFO] - loading_epoch    : 40
[2025-11-26 19:41:33,849] - [root] - [INFO] - timestamp        : Aug12_19-19-05_2025
[2025-11-26 19:41:33,849] - [root] - [INFO] - outdim           : 2
[2025-11-26 19:41:33,849] - [root] - [INFO] - model_path       : ../..
[2025-11-26 19:41:33,849] - [root] - [INFO] - step_size        : 224
[2025-11-26 19:41:33,849] - [root] - [INFO] - means            : [0.541, 0.6371, 0.4188]
[2025-11-26 19:41:33,849] - [root] - [INFO] - stds             : [0.1764, 0.165, 0.2326]
[2025-11-26 19:41:33,849] - [root] - [INFO] - target_class     : 1
[2025-11-26 19:41:33,849] - [root] - [INFO] - contam_control   : False
[2025-11-26 19:41:33,849] - [root] - [INFO] - pm               : HPM-666
[2025-11-26 19:41:33,849] - [root] - [INFO] - mps              : False
[2025-11-26 19:41:33,849] - [root] - [INFO] - cuda             : False
[2025-11-26 19:41:33,849] - [root] - [INFO] - cuda_id          : 0
[2025-11-26 19:41:33,849] - [root] - [INFO] - save_infected    : False
[2025-11-26 19:41:33,849] - [root] - [INFO] - save_conidiophores : False
[2025-11-26 19:41:33,849] - [root] - [INFO] - save_healthy     : False
[2025-11-26 19:41:33,849] - [root] - [INFO] - sal_threshold    : 0.5
[2025-11-26 19:41:33,849] - [root] - [INFO] - save_discarded   : False
[2025-11-26 19:41:33,849] - [root] - [INFO] - up_threshold     : 0.8
[2025-11-26 19:41:33,849] - [root] - [INFO] - down_threshold   : 0.2
[2025-11-26 19:41:33,849] - [root] - [INFO] - dataset_path     : ../../data
[2025-11-26 19:41:33,849] - [root] - [INFO] - img_folder       : 6-28-2023_10dpi
[2025-11-26 19:41:33,849] - [root] - [INFO] - platform         : BlackBird
[2025-11-26 19:41:33,849] - [root] - [INFO] - threshold        : ['0.7']
[2025-11-26 19:41:33,849] - [root] - [INFO] - log              : ../../results/logs/random.log
[2025-11-26 19:41:33,849] - [root] - [INFO] - dpi              : 10
[2025-11-26 19:41:33,849] - [root] - [INFO] - group            : baseline
[2025-11-26 19:41:33,849] - [root] - [INFO] - trays            : ['2']
[2025-11-26 19:41:33,849] - [root] - [INFO] - sal_gradcam      : False
[2025-11-26 19:41:33,849] - [root] - [INFO] - sal_gradient     : True
[2025-11-26 19:41:33,849] - [root] - [INFO] - sal_smoothgrad   : False
[2025-11-26 19:41:33,849] - [root] - [INFO] - sal_deeplift     : True
[2025-11-26 19:41:33,849] - [root] - [INFO] - sal_thresh_method : percentile
[2025-11-26 19:41:33,849] - [root] - [INFO] - sal_thresh_p     : 95.0
[2025-11-26 19:41:35,942] - [root] - [INFO] - plot_sal_map_leaf.py
[2025-11-26 19:41:35,942] - [root] - [INFO] - model_type       : ResNet
[2025-11-26 19:41:35,942] - [root] - [INFO] - pretrained       : True
[2025-11-26 19:41:35,942] - [root] - [INFO] - loading_epoch    : 40
[2025-11-26 19:41:35,942] - [root] - [INFO] - timestamp        : Aug12_19-19-05_2025
[2025-11-26 19:41:35,942] - [root] - [INFO] - outdim           : 2
[2025-11-26 19:41:35,942] - [root] - [INFO] - model_path       : ../..
[2025-11-26 19:41:35,942] - [root] - [INFO] - step_size        : 224
[2025-11-26 19:41:35,942] - [root] - [INFO] - means            : [0.541, 0.6371, 0.4188]
[2025-11-26 19:41:35,942] - [root] - [INFO] - stds             : [0.1764, 0.165, 0.2326]
[2025-11-26 19:41:35,942] - [root] - [INFO] - target_class     : 1
[2025-11-26 19:41:35,942] - [root] - [INFO] - contam_control   : False
[2025-11-26 19:41:35,943] - [root] - [INFO] - pm               : HPM-666
[2025-11-26 19:41:35,943] - [root] - [INFO] - mps              : False
[2025-11-26 19:41:35,943] - [root] - [INFO] - cuda             : False
[2025-11-26 19:41:35,943] - [root] - [INFO] - cuda_id          : 0
[2025-11-26 19:41:35,943] - [root] - [INFO] - save_infected    : False
[2025-11-26 19:41:35,943] - [root] - [INFO] - save_conidiophores : False
[2025-11-26 19:41:35,943] - [root] - [INFO] - save_healthy     : False
[2025-11-26 19:41:35,943] - [root] - [INFO] - sal_threshold    : 0.5
[2025-11-26 19:41:35,943] - [root] - [INFO] - save_discarded   : False
[2025-11-26 19:41:35,943] - [root] - [INFO] - up_threshold     : 0.8
[2025-11-26 19:41:35,943] - [root] - [INFO] - down_threshold   : 0.2
[2025-11-26 19:41:35,943] - [root] - [INFO] - dataset_path     : ../../data
[2025-11-26 19:41:35,943] - [root] - [INFO] - img_folder       : 6-28-2023_10dpi
[2025-11-26 19:41:35,943] - [root] - [INFO] - platform         : BlackBird
[2025-11-26 19:41:35,943] - [root] - [INFO] - threshold        : ['0.7']
[2025-11-26 19:41:35,943] - [root] - [INFO] - log              : ../../results/logs/random.log
[2025-11-26 19:41:35,943] - [root] - [INFO] - dpi              : 10
[2025-11-26 19:41:35,943] - [root] - [INFO] - group            : baseline
[2025-11-26 19:41:35,943] - [root] - [INFO] - trays            : ['3']
[2025-11-26 19:41:35,943] - [root] - [INFO] - sal_gradcam      : False
[2025-11-26 19:41:35,943] - [root] - [INFO] - sal_gradient     : True
[2025-11-26 19:41:35,943] - [root] - [INFO] - sal_smoothgrad   : False
[2025-11-26 19:41:35,943] - [root] - [INFO] - sal_deeplift     : True
[2025-11-26 19:41:35,943] - [root] - [INFO] - sal_thresh_method : percentile
[2025-11-26 19:41:35,943] - [root] - [INFO] - sal_thresh_p     : 95.0
[2025-11-26 19:41:38,073] - [root] - [INFO] - plot_sal_map_leaf.py
[2025-11-26 19:41:38,073] - [root] - [INFO] - model_type       : ResNet
[2025-11-26 19:41:38,073] - [root] - [INFO] - pretrained       : True
[2025-11-26 19:41:38,073] - [root] - [INFO] - loading_epoch    : 40
[2025-11-26 19:41:38,073] - [root] - [INFO] - timestamp        : Aug12_19-19-05_2025
[2025-11-26 19:41:38,073] - [root] - [INFO] - outdim           : 2
[2025-11-26 19:41:38,073] - [root] - [INFO] - model_path       : ../..
[2025-11-26 19:41:38,073] - [root] - [INFO] - step_size        : 224
[2025-11-26 19:41:38,073] - [root] - [INFO] - means            : [0.541, 0.6371, 0.4188]
[2025-11-26 19:41:38,073] - [root] - [INFO] - stds             : [0.1764, 0.165, 0.2326]
[2025-11-26 19:41:38,073] - [root] - [INFO] - target_class     : 1
[2025-11-26 19:41:38,073] - [root] - [INFO] - contam_control   : False
[2025-11-26 19:41:38,073] - [root] - [INFO] - pm               : HPM-666
[2025-11-26 19:41:38,073] - [root] - [INFO] - mps              : False
[2025-11-26 19:41:38,073] - [root] - [INFO] - cuda             : False
[2025-11-26 19:41:38,073] - [root] - [INFO] - cuda_id          : 0
[2025-11-26 19:41:38,074] - [root] - [INFO] - save_infected    : False
[2025-11-26 19:41:38,074] - [root] - [INFO] - save_conidiophores : False
[2025-11-26 19:41:38,074] - [root] - [INFO] - save_healthy     : False
[2025-11-26 19:41:38,074] - [root] - [INFO] - sal_threshold    : 0.5
[2025-11-26 19:41:38,074] - [root] - [INFO] - save_discarded   : False
[2025-11-26 19:41:38,074] - [root] - [INFO] - up_threshold     : 0.8
[2025-11-26 19:41:38,074] - [root] - [INFO] - down_threshold   : 0.2
[2025-11-26 19:41:38,074] - [root] - [INFO] - dataset_path     : ../../data
[2025-11-26 19:41:38,074] - [root] - [INFO] - img_folder       : 6-28-2023_10dpi
[2025-11-26 19:41:38,074] - [root] - [INFO] - platform         : BlackBird
[2025-11-26 19:41:38,074] - [root] - [INFO] - threshold        : ['0.7']
[2025-11-26 19:41:38,074] - [root] - [INFO] - log              : ../../results/logs/random.log
[2025-11-26 19:41:38,074] - [root] - [INFO] - dpi              : 10
[2025-11-26 19:41:38,074] - [root] - [INFO] - group            : baseline
[2025-11-26 19:41:38,074] - [root] - [INFO] - trays            : ['4']
[2025-11-26 19:41:38,074] - [root] - [INFO] - sal_gradcam      : False
[2025-11-26 19:41:38,074] - [root] - [INFO] - sal_gradient     : True
[2025-11-26 19:41:38,074] - [root] - [INFO] - sal_smoothgrad   : False
[2025-11-26 19:41:38,074] - [root] - [INFO] - sal_deeplift     : True
[2025-11-26 19:41:38,074] - [root] - [INFO] - sal_thresh_method : percentile
[2025-11-26 19:41:38,074] - [root] - [INFO] - sal_thresh_p     : 95.0
[2025-11-26 19:43:04,871] - [root] - [INFO] - plot_sal_map_leaf.py
[2025-11-26 19:43:04,871] - [root] - [INFO] - model_type       : ResNet
[2025-11-26 19:43:04,871] - [root] - [INFO] - pretrained       : True
[2025-11-26 19:43:04,871] - [root] - [INFO] - loading_epoch    : 40
[2025-11-26 19:43:04,871] - [root] - [INFO] - timestamp        : Aug12_19-19-05_2025
[2025-11-26 19:43:04,871] - [root] - [INFO] - outdim           : 2
[2025-11-26 19:43:04,871] - [root] - [INFO] - model_path       : ../..
[2025-11-26 19:43:04,871] - [root] - [INFO] - step_size        : 224
[2025-11-26 19:43:04,871] - [root] - [INFO] - means            : [0.541, 0.6371, 0.4188]
[2025-11-26 19:43:04,871] - [root] - [INFO] - stds             : [0.1764, 0.165, 0.2326]
[2025-11-26 19:43:04,871] - [root] - [INFO] - target_class     : 1
[2025-11-26 19:43:04,871] - [root] - [INFO] - contam_control   : False
[2025-11-26 19:43:04,871] - [root] - [INFO] - pm               : HPM-666
[2025-11-26 19:43:04,871] - [root] - [INFO] - mps              : False
[2025-11-26 19:43:04,871] - [root] - [INFO] - cuda             : False
[2025-11-26 19:43:04,873] - [root] - [INFO] - cuda_id          : 0
[2025-11-26 19:43:04,873] - [root] - [INFO] - save_infected    : False
[2025-11-26 19:43:04,873] - [root] - [INFO] - save_conidiophores : False
[2025-11-26 19:43:04,873] - [root] - [INFO] - save_healthy     : False
[2025-11-26 19:43:04,873] - [root] - [INFO] - sal_threshold    : 0.5
[2025-11-26 19:43:04,873] - [root] - [INFO] - save_discarded   : False
[2025-11-26 19:43:04,873] - [root] - [INFO] - up_threshold     : 0.8
[2025-11-26 19:43:04,874] - [root] - [INFO] - down_threshold   : 0.2
[2025-11-26 19:43:04,874] - [root] - [INFO] - dataset_path     : ../../data
[2025-11-26 19:43:04,874] - [root] - [INFO] - img_folder       : 6-28-2023_10dpi
[2025-11-26 19:43:04,874] - [root] - [INFO] - platform         : BlackBird
[2025-11-26 19:43:04,874] - [root] - [INFO] - threshold        : ['0.7']
[2025-11-26 19:43:04,874] - [root] - [INFO] - log              : ../../results/logs/random.log
[2025-11-26 19:43:04,874] - [root] - [INFO] - dpi              : 10
[2025-11-26 19:43:04,874] - [root] - [INFO] - group            : baseline
[2025-11-26 19:43:04,874] - [root] - [INFO] - trays            : ['1']
[2025-11-26 19:43:04,874] - [root] - [INFO] - sal_gradcam      : False
[2025-11-26 19:43:04,874] - [root] - [INFO] - sal_gradient     : True
[2025-11-26 19:43:04,874] - [root] - [INFO] - sal_smoothgrad   : False
[2025-11-26 19:43:04,874] - [root] - [INFO] - sal_deeplift     : True
[2025-11-26 19:43:04,874] - [root] - [INFO] - sal_thresh_method : percentile
[2025-11-26 19:43:04,874] - [root] - [INFO] - sal_thresh_p     : 95.0
[2025-11-26 19:43:05,486] - [root] - [INFO] - -------------------------------------------
[2025-11-26 19:43:05,486] - [root] - [INFO] - Processing 6-28-2023_10dpi tray=1 file=039-SYMPHONY_R1.png
[2025-11-26 19:43:15,875] - [root] - [INFO] - Finished loading mask: 0m 10s
